// Jest Snapshot v1, https://goo.gl/fbAQLP

exports[`Services Matches the snapshot 1`] = `
<div>
  <div
    class="flex flex-col items-center w-100-perc my-10 md:my-72"
  >
    <div
      class="max-w-[1334px] md:px-20 lg:px-106"
    >
      <h2
        class="font-bold text-32 md:text-40"
      >
        My Crafts...
      </h2>
      <p
        class="text-lg md:text-2xl opacity-75 mb-10"
      >
        Let me help you, hereâ€™s how.
      </p>
      <div
        class="flex flex-col items-center flex-wrap gap-12 xl:gap-[78px] md:flex-row lg:flex-nowrap"
      >
        <div
          class="max-w-xs"
        >
          <div
            class="flex flex-row items-center gap-3 mb-5"
          >
            <div
              class="w-11 h-11 flex items-center justify-center bg-primary text-offWhite rounded-[10px]"
            >
              <svg
                fill="currentColor"
                height="1.5rem"
                stroke="currentColor"
                stroke-width="0"
                viewBox="0 0 24 24"
                width="1.5rem"
                xmlns="http://www.w3.org/2000/svg"
              >
                <path
                  d="M20 5H4c-1.1 0-1.99.9-1.99 2L2 17c0 1.1.9 2 2 2h16c1.1 0 2-.9 2-2V7c0-1.1-.9-2-2-2zm-9 3h2v2h-2V8zm0 3h2v2h-2v-2zM8 8h2v2H8V8zm0 3h2v2H8v-2zm-1 2H5v-2h2v2zm0-3H5V8h2v2zm9 7H8v-2h8v2zm0-4h-2v-2h2v2zm0-3h-2V8h2v2zm3 3h-2v-2h2v2zm0-3h-2V8h2v2z"
                />
                <path
                  d="M0 0h24v24H0zm0 0h24v24H0z"
                  fill="none"
                />
              </svg>
            </div>
            <h3
              class="text-2xl font-semibold"
            >
              Service Title 1
            </h3>
          </div>
          <p
            class="opacity-75 max-w-[274px] lg:max-w-[320px]"
          >
            Lorem ipsum dolor sit amet, consectetur adipiscing elit. Nulla arcu at facilisis dignissim arcu pretium tempus. Cras scelerisque urna amet sagittis donec arcu ipsum.
          </p>
        </div>
        <div
          class="max-w-xs"
        >
          <div
            class="flex flex-row items-center gap-3 mb-5"
          >
            <div
              class="w-11 h-11 flex items-center justify-center bg-primary text-offWhite rounded-[10px]"
            >
              <svg
                fill="currentColor"
                height="1.5rem"
                stroke="currentColor"
                stroke-width="0"
                viewBox="0 0 24 24"
                width="1.5rem"
                xmlns="http://www.w3.org/2000/svg"
              >
                <path
                  d="M0 0h24v24H0V0z"
                  fill="none"
                />
                <path
                  d="M9.4 16.6L4.8 12l4.6-4.6L8 6l-6 6 6 6 1.4-1.4zm5.2 0l4.6-4.6-4.6-4.6L16 6l6 6-6 6-1.4-1.4z"
                />
              </svg>
            </div>
            <h3
              class="text-2xl font-semibold"
            >
              Service Title 2
            </h3>
          </div>
          <p
            class="opacity-75 max-w-[274px] lg:max-w-[320px]"
          >
            Lorem ipsum dolor sit amet, consectetur adipiscing elit. Nulla arcu at facilisis dignissim arcu pretium tempus. Cras scelerisque urna amet sagittis donec arcu ipsum.
          </p>
        </div>
        <div
          class="max-w-xs"
        >
          <div
            class="flex flex-row items-center gap-3 mb-5"
          >
            <div
              class="w-11 h-11 flex items-center justify-center bg-primary text-offWhite rounded-[10px]"
            >
              <svg
                fill="currentColor"
                height="1.5rem"
                stroke="currentColor"
                stroke-width="0"
                viewBox="0 0 24 24"
                width="1.5rem"
                xmlns="http://www.w3.org/2000/svg"
              >
                <path
                  d="M0 0h24v24H0z"
                  fill="none"
                />
                <path
                  d="M18 16.08c-.76 0-1.44.3-1.96.77L8.91 12.7c.05-.23.09-.46.09-.7s-.04-.47-.09-.7l7.05-4.11c.54.5 1.25.81 2.04.81 1.66 0 3-1.34 3-3s-1.34-3-3-3-3 1.34-3 3c0 .24.04.47.09.7L8.04 9.81C7.5 9.31 6.79 9 6 9c-1.66 0-3 1.34-3 3s1.34 3 3 3c.79 0 1.5-.31 2.04-.81l7.12 4.16c-.05.21-.08.43-.08.65 0 1.61 1.31 2.92 2.92 2.92 1.61 0 2.92-1.31 2.92-2.92s-1.31-2.92-2.92-2.92z"
                />
              </svg>
            </div>
            <h3
              class="text-2xl font-semibold"
            >
              Service Title 3
            </h3>
          </div>
          <p
            class="opacity-75 max-w-[274px] lg:max-w-[320px]"
          >
            Lorem ipsum dolor sit amet, consectetur adipiscing elit. Nulla arcu at facilisis dignissim arcu pretium tempus. Cras scelerisque urna amet sagittis donec arcu ipsum.
          </p>
        </div>
      </div>
    </div>
  </div>
</div>
`;
